// Jest Snapshot v1, https://goo.gl/fbAQLP

exports[`Modal createNote component 1. Rendered success 1`] = `
<div class="modal">
  <div class="modal-header">
    Create Note
  </div>
  <div class="modal-content"><input type="text" placeholder="Enter note name" class="input">
    <!---->
  </div>
  <div class="modal-footer">
    <div><span>
      Cancel
    </span>
      <!---->
    </div>
    <div><span>
      Save
    </span>
      <!---->
    </div>
  </div>
</div>
`;
