// Jest Snapshot v1, https://goo.gl/fbAQLP

exports[`Modal createNote component 1. Rendered success 1`] = `
<div class="modal">
  <div class="modal-header">
    Create Todo
  </div>
  <div class="modal-content"><input type="text" placeholder="Enter todo name" class="input">
    <!---->
  </div>
  <div class="modal-footer">
    <div class=""><span>
      Cancel
    </span>
      <!---->
    </div>
    <div class=""><span>
      Create
    </span>
      <!---->
    </div>
  </div>
</div>
`;
